npm warn Unknown env config "http-proxy". This will stop working in the next major version of npm.

> horses-of-fame-site@0.1.0 build
> next build --webpack

▲ Next.js 16.3.4 (webpack)
✓ Running next.config.mjs took 24ms

  Creating an optimized production build ...
✓ Compiled successfully in 7.7s
  Running TypeScript ...
  Finished TypeScript in 3.3s ...
  Collecting page data using 8 workers ...
  Generating static pages using 8 workers (0/19) ...
  Generating static pages using 8 workers (4/19)
  Generating static pages using 8 workers (9/19)
  Generating static pages using 8 workers (14/19)
✓ Generating static pages using 8 workers (19/19) in 670ms
  Finalizing page optimization ...
  Collecting build traces ...

Route (app)
┌ ○ /
├ ○ /_not-found
├ ○ /allocations
├ ƒ /api/vote/admission
├ ƒ /api/vote/prepare
├ ƒ /api/vote/submit
├ ○ /hall-of-fame
├ ○ /history
├ ƒ /metadata/[filename]
├ ○ /mint
├ ○ /race
├ ○ /race/backup
├ ○ /refund
├ ○ /results
├ ○ /review
├ ○ /rewards
├ ○ /standings
├ ○ /status
└ ○ /wallet


○  (Static)   prerendered as static content
ƒ  (Dynamic)  server-rendered on demand

