npm warn Unknown env config "http-proxy". This will stop working in the next major version of npm.

> horses-of-fame-site@0.1.0 test:frontend
> node --test web-test/*.test.cjs

✔ 24h countdown reaches zero exactly at deadline and never goes negative (2.240874ms)
✔ countdown uses chain anchor rather than local wall clock as chain time (0.298944ms)
✔ a backwards client clock cannot extend beyond the last observed chain remainder (0.200524ms)
✔ canonical dataset matches the approved 22 identities exactly (3.277639ms)
✔ lookup uses canonical number for arbitrary race ranking order (1.311597ms)
✔ catalog records are immutable and images cannot be assigned by upload order (5.696352ms)
✔ all 22 supplied portraits retain their original bytes and identity (259.184087ms)
✔ five mislabeled uploads map to their actual portrait identities (0.563584ms)
✔ 100 NFT: exact approval and progress 1/4 through 4/4; one wait per transaction (4.665943ms)
✔ sold-out between batches preserves exactly 50 confirmed and 50 unpurchased (1.474581ms)
✔ deadline between batches preserves exactly 50 confirmed and 50 unpurchased (1.081067ms)
✔ balance between batches preserves exactly 50 confirmed and 50 unpurchased (0.481702ms)
✔ allowance between batches preserves exactly 50 confirmed and 50 unpurchased (12.055841ms)
✔ third receipt reverted: first two batches remain; no fourth send (13.355217ms)
✔ pending timeout persists hash; resume checks same hash without resending that batch (1.404884ms)
✔ ambiguous broadcast never retries automatically, including after reload (0.912365ms)
✔ gas estimation failure before broadcast is safely retryable (0.975793ms)
✔ 25+1 split and invalid quantities (5.926895ms)
✔ does not send next batch while receipt remains pending (20.621437ms)
✔ wallet rejection clears unbroadcast pending record (0.60649ms)
✔ Mint page: approval and progress 1/4–4/4 (521.595353ms)
Error: Transaction reverted.
    at settle (/workspace/scratch/9ccd2d30f4e4/hof-integration/lib/mint/batches.cjs:13:65)
    at async send (/workspace/scratch/9ccd2d30f4e4/hof-integration/lib/mint/batches.cjs:20:3)
    at async runMint (/workspace/scratch/9ccd2d30f4e4/hof-integration/lib/mint/batches.cjs:43:4)
    at async mintGenesis (/workspace/scratch/9ccd2d30f4e4/hof-integration/src/app/mint/page.tsx:134:13)
✔ Mint page: third batch failure preserves 50/100 (213.898259ms)
Error: Transaction reverted.
    at settle (/workspace/scratch/9ccd2d30f4e4/hof-integration/lib/mint/batches.cjs:13:65)
    at async send (/workspace/scratch/9ccd2d30f4e4/hof-integration/lib/mint/batches.cjs:20:3)
    at async runMint (/workspace/scratch/9ccd2d30f4e4/hof-integration/lib/mint/batches.cjs:43:4)
    at async mintGenesis (/workspace/scratch/9ccd2d30f4e4/hof-integration/src/app/mint/page.tsx:134:13)
✔ Mint page: cancelled replacement cannot count as mint (129.872757ms)
✔ Refund: user rejection is propagated without trying to add chain (7.774525ms)
✔ Refund: switch failure cannot proceed to account/transaction (0.391955ms)
✔ Refund: successful switch response with wrong actual chain is rejected (1.028676ms)
✔ Refund: add chain does not imply switch; re-switch and actual chain are required (0.384745ms)
✔ Refund: chain addition rejection stops flow (0.546581ms)
✔ Refund: successful add/switch re-reads chain before returning account (0.433133ms)
✔ Refund: chain change while requesting accounts is rejected (0.591435ms)
✔ Refund: submit-time verification rejects wrong chain and page invokes it before sending (0.541968ms)
✔ no matching inclusion means Submitted regardless of backend status (19.933958ms)
✔ canonical receipt required; finality separately upgrades confirmation (7.125914ms)
✔ missing, failed or reorged receipt cannot confirm (8.133576ms)
✔ duplicate inclusion logs fail closed (2.223563ms)
✔ signed proxy fails closed without server ingress token (14.109348ms)
✔ signed proxy uses server credential, drops untrusted headers and returns only admission (17.293204ms)
✔ sponsored Voting: canonical selection, one signature, admission retry and paid fallback states (743.864459ms)
✔ test-only token enabled only with explicit mock mode and46630 (202.333366ms)
✔ payment config fails closed for mode=testnetMockUSDC, chain=4663 (57.548362ms)
✔ payment config fails closed for mode=productionUSDC, chain=46630 (20.527569ms)
✔ payment config fails closed for mode=, chain=46630 (24.279812ms)
✔ payment config fails closed for mode=testnetMockUSDC, chain= (25.65545ms)
✔ deadline: open inclusive, close exclusive, unfinished stays awaiting (1.582824ms)
✔ no partial results read while awaiting finalization (1.409957ms)
✔ complete 22-horse result, same block, reject incomplete result (1.444946ms)
✔ duplicate horse identities and missing totals reject the entire Race Reveal (0.917414ms)
✔ owner excluded; used NFTs and nonvoting NFTs filtered (1.316471ms)
✔ both leaderboards include finalized votes without participant indexing or claims (1.464674ms)
✔ season rollover does not duplicate all-time or leak prior-season points (1.496739ms)
✔ incomplete RPC snapshot rejects entire leaderboard (0.699389ms)
✔ RPC fanout bounded and original order preserved (21.603108ms)
✔ admission proxy forwards ciphertext only and strips extra backend fields (13.384717ms)
✔ admission rejects plaintext, oversized input, foreign origin, missing backend (7.654783ms)
✔ admission errors fail closed without exposing private diagnostics (1.606655ms)
✔ wallet session rechecks accounts and chain without prompting a signature (1.472916ms)
✔ wallet change during asynchronous session check blocks sending (0.280102ms)
▶ actual Voting component: canonical selection, transaction boundary, privacy and lifecycle
  ✔ renders exactly22 official horses in canonical order with accessible names (27.51152ms)
  ✔ connected eligible wallet cannot Vote without a selection (59.078128ms)
  ✔ click selects one horse; changing selection deselects the previous one (41.734961ms)
  ✔ Vote passes the canonical number13 to the real UI submission boundary (33.057366ms)
  ✔ open voting exposes no interim ranking, totals, result table or reveal/claim controls (1.268559ms)
  ✔ account changes clear selection and invalidate voting eligibility (98.812454ms)
  ✔ exact closing timestamp disables selection and Vote (106.879464ms)
  ✔ Race Reveal page also hides interim totals while voting is open (14.182361ms)
  ✔ StrictMode cleanup removes wallet subscriptions (1.912674ms)
✔ actual Voting component: canonical selection, transaction boundary, privacy and lifecycle (1024.509243ms)
ℹ tests 67
ℹ suites 0
ℹ pass 67
ℹ fail 0
ℹ cancelled 0
ℹ skipped 0
ℹ todo 0
ℹ duration_ms 2967.215196
