npm warn Unknown env config "http-proxy". This will stop working in the next major version of npm.

> horses-of-fame-site@0.1.0 test:frontend
> node --test web-test/*.test.cjs

✔ 24h countdown reaches zero exactly at deadline and never goes negative (1.653527ms)
✔ countdown uses chain anchor rather than local wall clock as chain time (0.263171ms)
✔ a backwards client clock cannot extend beyond the last observed chain remainder (0.196094ms)
✔ canonical dataset matches the approved 22 identities exactly (4.095517ms)
✔ lookup uses canonical number for arbitrary race ranking order (0.758647ms)
✔ catalog records are immutable and images cannot be assigned by upload order (2.23624ms)
✔ all 22 supplied portraits retain their original bytes and identity (166.310841ms)
✔ five mislabeled uploads map to their actual portrait identities (0.487631ms)
✔ 100 NFT: exact approval and progress 1/4 through 4/4; one wait per transaction (5.964021ms)
✔ sold-out between batches preserves exactly 50 confirmed and 50 unpurchased (1.054361ms)
✔ deadline between batches preserves exactly 50 confirmed and 50 unpurchased (1.463927ms)
✔ balance between batches preserves exactly 50 confirmed and 50 unpurchased (1.109319ms)
✔ allowance between batches preserves exactly 50 confirmed and 50 unpurchased (3.623675ms)
✔ third receipt reverted: first two batches remain; no fourth send (2.450028ms)
✔ pending timeout persists hash; resume checks same hash without resending that batch (1.57241ms)
✔ ambiguous broadcast never retries automatically, including after reload (1.210083ms)
✔ gas estimation failure before broadcast is safely retryable (0.930755ms)
✔ 25+1 split and invalid quantities (3.792825ms)
✔ does not send next batch while receipt remains pending (23.22046ms)
✔ wallet rejection clears unbroadcast pending record (0.599056ms)
✔ Mint page: approval and progress 1/4–4/4 (640.585244ms)
Error: Transaction reverted.
    at settle (/workspace/scratch/9ccd2d30f4e4/hof-integration/lib/mint/batches.cjs:13:65)
    at async send (/workspace/scratch/9ccd2d30f4e4/hof-integration/lib/mint/batches.cjs:20:3)
    at async runMint (/workspace/scratch/9ccd2d30f4e4/hof-integration/lib/mint/batches.cjs:43:4)
    at async mintGenesis (/workspace/scratch/9ccd2d30f4e4/hof-integration/src/app/mint/page.tsx:134:13)
✔ Mint page: third batch failure preserves 50/100 (524.85145ms)
Error: Transaction reverted.
    at settle (/workspace/scratch/9ccd2d30f4e4/hof-integration/lib/mint/batches.cjs:13:65)
    at async send (/workspace/scratch/9ccd2d30f4e4/hof-integration/lib/mint/batches.cjs:20:3)
    at async runMint (/workspace/scratch/9ccd2d30f4e4/hof-integration/lib/mint/batches.cjs:43:4)
    at async mintGenesis (/workspace/scratch/9ccd2d30f4e4/hof-integration/src/app/mint/page.tsx:134:13)
✔ Mint page: cancelled replacement cannot count as mint (112.046471ms)
✔ Refund: user rejection is propagated without trying to add chain (4.319239ms)
✔ Refund: switch failure cannot proceed to account/transaction (0.374416ms)
✔ Refund: successful switch response with wrong actual chain is rejected (0.412152ms)
✔ Refund: add chain does not imply switch; re-switch and actual chain are required (0.482121ms)
✔ Refund: chain addition rejection stops flow (0.556161ms)
✔ Refund: successful add/switch re-reads chain before returning account (0.516552ms)
✔ Refund: chain change while requesting accounts is rejected (0.432786ms)
✔ Refund: submit-time verification rejects wrong chain and page invokes it before sending (0.54862ms)
✔ service secret files require private permissions and are not logged (2.104568ms)
✔ runtime refuses production mode before creating a provider or reading secrets (0.525776ms)
✔ service CLI is opt-in and fails with a generic non-secret error (389.973998ms)
✔ no matching inclusion means Submitted regardless of backend status (27.94788ms)
✔ canonical receipt required; finality separately upgrades confirmation (3.481561ms)
✔ missing, failed or reorged receipt cannot confirm (17.296058ms)
✔ duplicate inclusion logs fail closed (2.129711ms)
✔ signed proxy fails closed without server ingress token (12.149185ms)
✔ signed proxy uses server credential, drops untrusted headers and returns only admission (11.486703ms)
✔ sponsored Voting: canonical selection, one signature, admission retry and paid fallback states (1004.317782ms)
✔ test-only token enabled only with explicit mock mode and46630 (180.954066ms)
✔ payment config fails closed for mode=testnetMockUSDC, chain=4663 (89.589765ms)
✔ payment config fails closed for mode=productionUSDC, chain=46630 (41.714914ms)
✔ payment config fails closed for mode=, chain=46630 (40.970487ms)
✔ payment config fails closed for mode=testnetMockUSDC, chain= (37.755996ms)
✔ deadline: open inclusive, close exclusive, unfinished stays awaiting (1.570342ms)
✔ no partial results read while awaiting finalization (2.001651ms)
✔ complete 22-horse result, same block, reject incomplete result (1.395273ms)
✔ duplicate horse identities and missing totals reject the entire Race Reveal (0.889073ms)
✔ owner excluded; used NFTs and nonvoting NFTs filtered (1.310638ms)
✔ both leaderboards include finalized votes without participant indexing or claims (1.998172ms)
✔ season rollover does not duplicate all-time or leak prior-season points (9.002084ms)
✔ incomplete RPC snapshot rejects entire leaderboard (1.031783ms)
✔ RPC fanout bounded and original order preserved (16.634385ms)
✔ admission proxy forwards ciphertext only and strips extra backend fields (17.088479ms)
✔ admission rejects plaintext, oversized input, foreign origin, missing backend (6.224746ms)
✔ admission errors fail closed without exposing private diagnostics (1.317769ms)
✔ wallet session rechecks accounts and chain without prompting a signature (1.550447ms)
✔ wallet change during asynchronous session check blocks sending (0.301752ms)
✔ frozen race displays Preparing Race Reveal without publishing any partial result (0.247696ms)
▶ actual Voting component: canonical selection, transaction boundary, privacy and lifecycle
  ✔ renders exactly22 official horses in canonical order with accessible names (18.399773ms)
  ✔ connected eligible wallet cannot Vote without a selection (116.619734ms)
  ✔ click selects one horse; changing selection deselects the previous one (68.471712ms)
  ✔ Vote passes the canonical number13 to the real UI submission boundary (56.083788ms)
  ✔ open voting exposes no interim ranking, totals, result table or reveal/claim controls (2.576789ms)
  ✔ account changes clear selection and invalidate voting eligibility (118.112061ms)
  ✔ exact closing timestamp disables selection and Vote (106.393346ms)
  ✔ Race Reveal page also hides interim totals while voting is open (10.346448ms)
  ✔ closed and frozen phases show real waiting/preparation with no results (51.577602ms)
  ✔ complete finalized race exposes exactly22 rows and both board activation (188.904492ms)
  ✔ StrictMode cleanup removes wallet subscriptions (4.793412ms)
✔ actual Voting component: canonical selection, transaction boundary, privacy and lifecycle (1290.473599ms)
ℹ tests 73
ℹ suites 0
ℹ pass 73
ℹ fail 0
ℹ cancelled 0
ℹ skipped 0
ℹ todo 0
ℹ duration_ms 2889.420634
